C:/Users/ssierra/Downloads/MASSIF-ROI-Windowing/x-cube-n6-camera-capture-main/Src/app.c:1197:13:isp_thread_fct	8	static
C:/Users/ssierra/Downloads/MASSIF-ROI-Windowing/x-cube-n6-camera-capture-main/Src/app.c:184:12:lp_init	8	static
C:/Users/ssierra/Downloads/MASSIF-ROI-Windowing/x-cube-n6-camera-capture-main/Src/app.c:1269:13:UVC_Init	280	static
C:/Users/ssierra/Downloads/MASSIF-ROI-Windowing/x-cube-n6-camera-capture-main/Src/app.c:910:13:App_PrintReg	16	static
C:/Users/ssierra/Downloads/MASSIF-ROI-Windowing/x-cube-n6-camera-capture-main/Src/app.c:141:13:sr_unlock.constprop	8	static
C:/Users/ssierra/Downloads/MASSIF-ROI-Windowing/x-cube-n6-camera-capture-main/Src/app.c:133:13:sr_lock.constprop	8	static
C:/Users/ssierra/Downloads/MASSIF-ROI-Windowing/x-cube-n6-camera-capture-main/Src/app.c:1242:13:app_uvc_streaming_active	16	static
C:/Users/ssierra/Downloads/MASSIF-ROI-Windowing/x-cube-n6-camera-capture-main/Src/app.c:1249:13:app_uvc_streaming_inactive	8	static
C:/Users/ssierra/Downloads/MASSIF-ROI-Windowing/x-cube-n6-camera-capture-main/Src/app.c:204:13:lp_unlock.isra	8	static
C:/Users/ssierra/Downloads/MASSIF-ROI-Windowing/x-cube-n6-camera-capture-main/Src/app.c:196:13:lp_lock.isra	8	static
C:/Users/ssierra/Downloads/MASSIF-ROI-Windowing/x-cube-n6-camera-capture-main/Src/app.c:212:12:lp_push	16	static
C:/Users/ssierra/Downloads/MASSIF-ROI-Windowing/x-cube-n6-camera-capture-main/Src/app.c:229:23:lp_pop	16	static
C:/Users/ssierra/Downloads/MASSIF-ROI-Windowing/x-cube-n6-camera-capture-main/Src/app.c:1219:13:capture_thread_fct	24	static
C:/Users/ssierra/Downloads/MASSIF-ROI-Windowing/x-cube-n6-camera-capture-main/Src/app.c:250:23:lp_remove_buffer.constprop	16	static
C:/Users/ssierra/Downloads/MASSIF-ROI-Windowing/x-cube-n6-camera-capture-main/Src/app.c:1412:13:uvc_thread_fct	80	static
C:/Users/ssierra/Downloads/MASSIF-ROI-Windowing/x-cube-n6-camera-capture-main/Src/app.c:1256:13:app_uvc_frame_release	8	static
C:/Users/ssierra/Downloads/MASSIF-ROI-Windowing/x-cube-n6-camera-capture-main/Src/app.c:391:15:App_GetCurrentROI	0	static
C:/Users/ssierra/Downloads/MASSIF-ROI-Windowing/x-cube-n6-camera-capture-main/Src/app.c:400:5:App_AddROIConfig	32	static
C:/Users/ssierra/Downloads/MASSIF-ROI-Windowing/x-cube-n6-camera-capture-main/Src/app.c:425:5:App_ActivateROI	16	static
C:/Users/ssierra/Downloads/MASSIF-ROI-Windowing/x-cube-n6-camera-capture-main/Src/app.c:442:6:App_DeactivateROI	0	static
C:/Users/ssierra/Downloads/MASSIF-ROI-Windowing/x-cube-n6-camera-capture-main/Src/app.c:589:6:App_ListROIs	48	static
C:/Users/ssierra/Downloads/MASSIF-ROI-Windowing/x-cube-n6-camera-capture-main/Src/app.c:720:6:App_StartROISwitcher	24	static
C:/Users/ssierra/Downloads/MASSIF-ROI-Windowing/x-cube-n6-camera-capture-main/Src/app.c:745:6:App_StopROISwitcher	16	static
C:/Users/ssierra/Downloads/MASSIF-ROI-Windowing/x-cube-n6-camera-capture-main/Src/app.c:759:5:App_Camera_PowerOn	56	static
C:/Users/ssierra/Downloads/MASSIF-ROI-Windowing/x-cube-n6-camera-capture-main/Src/app.c:808:5:App_I2C_Init	8	static
C:/Users/ssierra/Downloads/MASSIF-ROI-Windowing/x-cube-n6-camera-capture-main/Src/app.c:860:5:App_IMX335_ReadReg	16	static
C:/Users/ssierra/Downloads/MASSIF-ROI-Windowing/x-cube-n6-camera-capture-main/Src/app.c:887:5:App_IMX335_WriteReg	16	static
C:/Users/ssierra/Downloads/MASSIF-ROI-Windowing/x-cube-n6-camera-capture-main/Src/app.c:565:5:App_CaptureWithROI	48	static
C:/Users/ssierra/Downloads/MASSIF-ROI-Windowing/x-cube-n6-camera-capture-main/Src/app.c:609:5:App_ChangeROI	56	static
C:/Users/ssierra/Downloads/MASSIF-ROI-Windowing/x-cube-n6-camera-capture-main/Src/app.c:696:13:roi_switcher_task	32	static
C:/Users/ssierra/Downloads/MASSIF-ROI-Windowing/x-cube-n6-camera-capture-main/Src/app.c:945:6:App_TestIMX335Registers	16	static
C:/Users/ssierra/Downloads/MASSIF-ROI-Windowing/x-cube-n6-camera-capture-main/Src/app.c:1033:6:App_SetIMX335ROI	56	static
C:/Users/ssierra/Downloads/MASSIF-ROI-Windowing/x-cube-n6-camera-capture-main/Src/app.c:1125:6:App_SetIMX335ROIArea3	48	static
C:/Users/ssierra/Downloads/MASSIF-ROI-Windowing/x-cube-n6-camera-capture-main/Src/app.c:1524:6:app_run	32	static
C:/Users/ssierra/Downloads/MASSIF-ROI-Windowing/x-cube-n6-camera-capture-main/Src/app.c:1561:5:CMW_CAMERA_PIPE_FrameEventCallback	16	static
C:/Users/ssierra/Downloads/MASSIF-ROI-Windowing/x-cube-n6-camera-capture-main/Src/app.c:1569:5:CMW_CAMERA_PIPE_VsyncEventCallback	16	static
