C:/Users/ssierra/Downloads/MASSIF-ROI-Windowing/x-cube-n6-camera-capture-main/Src/app.c:1203:13:isp_thread_fct	8	static
C:/Users/ssierra/Downloads/MASSIF-ROI-Windowing/x-cube-n6-camera-capture-main/Src/app.c:190:12:lp_init	8	static
C:/Users/ssierra/Downloads/MASSIF-ROI-Windowing/x-cube-n6-camera-capture-main/Src/app.c:1281:13:UVC_Init	280	static
C:/Users/ssierra/Downloads/MASSIF-ROI-Windowing/x-cube-n6-camera-capture-main/Src/app.c:916:13:App_PrintReg	16	static
C:/Users/ssierra/Downloads/MASSIF-ROI-Windowing/x-cube-n6-camera-capture-main/Src/app.c:147:13:sr_unlock.constprop	8	static
C:/Users/ssierra/Downloads/MASSIF-ROI-Windowing/x-cube-n6-camera-capture-main/Src/app.c:139:13:sr_lock.constprop	8	static
C:/Users/ssierra/Downloads/MASSIF-ROI-Windowing/x-cube-n6-camera-capture-main/Src/app.c:1248:13:app_uvc_streaming_active	16	static
C:/Users/ssierra/Downloads/MASSIF-ROI-Windowing/x-cube-n6-camera-capture-main/Src/app.c:1258:13:app_uvc_streaming_inactive	8	static
C:/Users/ssierra/Downloads/MASSIF-ROI-Windowing/x-cube-n6-camera-capture-main/Src/app.c:210:13:lp_unlock.isra	8	static
C:/Users/ssierra/Downloads/MASSIF-ROI-Windowing/x-cube-n6-camera-capture-main/Src/app.c:202:13:lp_lock.isra	8	static
C:/Users/ssierra/Downloads/MASSIF-ROI-Windowing/x-cube-n6-camera-capture-main/Src/app.c:218:12:lp_push	16	static
C:/Users/ssierra/Downloads/MASSIF-ROI-Windowing/x-cube-n6-camera-capture-main/Src/app.c:235:23:lp_pop	16	static
C:/Users/ssierra/Downloads/MASSIF-ROI-Windowing/x-cube-n6-camera-capture-main/Src/app.c:1225:13:capture_thread_fct	24	static
C:/Users/ssierra/Downloads/MASSIF-ROI-Windowing/x-cube-n6-camera-capture-main/Src/app.c:1363:13:capture_init	40	static
C:/Users/ssierra/Downloads/MASSIF-ROI-Windowing/x-cube-n6-camera-capture-main/Src/app.c:1401:13:capture_deinit	16	static
C:/Users/ssierra/Downloads/MASSIF-ROI-Windowing/x-cube-n6-camera-capture-main/Src/app.c:256:23:lp_remove_buffer.constprop	16	static
C:/Users/ssierra/Downloads/MASSIF-ROI-Windowing/x-cube-n6-camera-capture-main/Src/app.c:1424:13:uvc_thread_fct	72	static
C:/Users/ssierra/Downloads/MASSIF-ROI-Windowing/x-cube-n6-camera-capture-main/Src/app.c:1268:13:app_uvc_frame_release	8	static
C:/Users/ssierra/Downloads/MASSIF-ROI-Windowing/x-cube-n6-camera-capture-main/Src/app.c:397:15:App_GetCurrentROI	0	static
C:/Users/ssierra/Downloads/MASSIF-ROI-Windowing/x-cube-n6-camera-capture-main/Src/app.c:406:5:App_AddROIConfig	32	static
C:/Users/ssierra/Downloads/MASSIF-ROI-Windowing/x-cube-n6-camera-capture-main/Src/app.c:431:5:App_ActivateROI	16	static
C:/Users/ssierra/Downloads/MASSIF-ROI-Windowing/x-cube-n6-camera-capture-main/Src/app.c:448:6:App_DeactivateROI	0	static
C:/Users/ssierra/Downloads/MASSIF-ROI-Windowing/x-cube-n6-camera-capture-main/Src/app.c:595:6:App_ListROIs	48	static
C:/Users/ssierra/Downloads/MASSIF-ROI-Windowing/x-cube-n6-camera-capture-main/Src/app.c:726:6:App_StartROISwitcher	24	static
C:/Users/ssierra/Downloads/MASSIF-ROI-Windowing/x-cube-n6-camera-capture-main/Src/app.c:751:6:App_StopROISwitcher	16	static
C:/Users/ssierra/Downloads/MASSIF-ROI-Windowing/x-cube-n6-camera-capture-main/Src/app.c:765:5:App_Camera_PowerOn	56	static
C:/Users/ssierra/Downloads/MASSIF-ROI-Windowing/x-cube-n6-camera-capture-main/Src/app.c:814:5:App_I2C_Init	8	static
C:/Users/ssierra/Downloads/MASSIF-ROI-Windowing/x-cube-n6-camera-capture-main/Src/app.c:866:5:App_IMX335_ReadReg	16	static
C:/Users/ssierra/Downloads/MASSIF-ROI-Windowing/x-cube-n6-camera-capture-main/Src/app.c:893:5:App_IMX335_WriteReg	16	static
C:/Users/ssierra/Downloads/MASSIF-ROI-Windowing/x-cube-n6-camera-capture-main/Src/app.c:571:5:App_CaptureWithROI	48	static
C:/Users/ssierra/Downloads/MASSIF-ROI-Windowing/x-cube-n6-camera-capture-main/Src/app.c:615:5:App_ChangeROI	56	static
C:/Users/ssierra/Downloads/MASSIF-ROI-Windowing/x-cube-n6-camera-capture-main/Src/app.c:702:13:roi_switcher_task	32	static
C:/Users/ssierra/Downloads/MASSIF-ROI-Windowing/x-cube-n6-camera-capture-main/Src/app.c:951:6:App_TestIMX335Registers	16	static
C:/Users/ssierra/Downloads/MASSIF-ROI-Windowing/x-cube-n6-camera-capture-main/Src/app.c:1039:6:App_SetIMX335ROI	56	static
C:/Users/ssierra/Downloads/MASSIF-ROI-Windowing/x-cube-n6-camera-capture-main/Src/app.c:1131:6:App_SetIMX335ROIArea3	48	static
C:/Users/ssierra/Downloads/MASSIF-ROI-Windowing/x-cube-n6-camera-capture-main/Src/app.c:1539:6:app_run	32	static
C:/Users/ssierra/Downloads/MASSIF-ROI-Windowing/x-cube-n6-camera-capture-main/Src/app.c:1590:5:CMW_CAMERA_PIPE_FrameEventCallback	16	static
C:/Users/ssierra/Downloads/MASSIF-ROI-Windowing/x-cube-n6-camera-capture-main/Src/app.c:1598:5:CMW_CAMERA_PIPE_VsyncEventCallback	16	static
C:/Users/ssierra/Downloads/MASSIF-ROI-Windowing/x-cube-n6-camera-capture-main/Src/app.c:1651:6:USART1_IRQHandler	16	static
