C:/Users/ssierra/Downloads/MASSIF-ROI-Windowing/x-cube-n6-camera-capture-main/Src/app_cam.c:79:6:CAM_SetCameraRestartCallback	0	static
C:/Users/ssierra/Downloads/MASSIF-ROI-Windowing/x-cube-n6-camera-capture-main/Src/app_cam.c:85:6:CAM_TriggerCameraRestart	8	static
C:/Users/ssierra/Downloads/MASSIF-ROI-Windowing/x-cube-n6-camera-capture-main/Src/app_cam.c:102:5:CAM_GetCurrentROIIndex	0	static
C:/Users/ssierra/Downloads/MASSIF-ROI-Windowing/x-cube-n6-camera-capture-main/Src/app_cam.c:108:18:CAM_GetROIDefinition	0	static
C:/Users/ssierra/Downloads/MASSIF-ROI-Windowing/x-cube-n6-camera-capture-main/Src/app_cam.c:117:5:CAM_GetNumROIs	0	static
C:/Users/ssierra/Downloads/MASSIF-ROI-Windowing/x-cube-n6-camera-capture-main/Src/app_cam.c:126:5:CAM_SwitchROI	16	static
C:/Users/ssierra/Downloads/MASSIF-ROI-Windowing/x-cube-n6-camera-capture-main/Src/app_cam.c:146:13:roi_switcher_task	32	static
C:/Users/ssierra/Downloads/MASSIF-ROI-Windowing/x-cube-n6-camera-capture-main/Src/app_cam.c:173:6:CAM_StartROISwitcher	24	static
C:/Users/ssierra/Downloads/MASSIF-ROI-Windowing/x-cube-n6-camera-capture-main/Src/app_cam.c:198:6:CAM_StopROISwitcher	16	static
C:/Users/ssierra/Downloads/MASSIF-ROI-Windowing/x-cube-n6-camera-capture-main/Src/app_cam.c:351:6:CAM_Init	144	static
C:/Users/ssierra/Downloads/MASSIF-ROI-Windowing/x-cube-n6-camera-capture-main/Src/app_cam.c:376:6:CAM_CapturePipe_Start	8	static
C:/Users/ssierra/Downloads/MASSIF-ROI-Windowing/x-cube-n6-camera-capture-main/Src/app_cam.c:384:6:CAM_IspUpdate	8	static
C:/Users/ssierra/Downloads/MASSIF-ROI-Windowing/x-cube-n6-camera-capture-main/Src/app_cam.c:392:6:CAM_Deinit	8	static
C:/Users/ssierra/Downloads/MASSIF-ROI-Windowing/x-cube-n6-camera-capture-main/Src/app_cam.c:400:6:CMW_CAMERA_PIPE_ErrorCallback	0	static
