C:/Users/ssierra/Downloads/MASSIF/STM32/x-cube-n6-camera-capture-main/Src/app_cam.c:165:6:CAM_Init	112	static
C:/Users/ssierra/Downloads/MASSIF/STM32/x-cube-n6-camera-capture-main/Src/app_cam.c:190:6:CAM_CapturePipe_Start	8	static
C:/Users/ssierra/Downloads/MASSIF/STM32/x-cube-n6-camera-capture-main/Src/app_cam.c:198:6:CAM_IspUpdate	8	static
C:/Users/ssierra/Downloads/MASSIF/STM32/x-cube-n6-camera-capture-main/Src/app_cam.c:206:6:CAM_Deinit	8	static
C:/Users/ssierra/Downloads/MASSIF/STM32/x-cube-n6-camera-capture-main/Src/app_cam.c:214:6:CMW_CAMERA_PIPE_ErrorCallback	0	static
