C:/Users/ssierra/Downloads/MASSIF-ROI-Windowing/x-cube-n6-camera-capture-main/Src/app_cam.c:75:6:CAM_SetCameraRestartCallback	0	static
C:/Users/ssierra/Downloads/MASSIF-ROI-Windowing/x-cube-n6-camera-capture-main/Src/app_cam.c:81:6:CAM_TriggerCameraRestart	8	static
C:/Users/ssierra/Downloads/MASSIF-ROI-Windowing/x-cube-n6-camera-capture-main/Src/app_cam.c:98:5:CAM_GetCurrentROIIndex	0	static
C:/Users/ssierra/Downloads/MASSIF-ROI-Windowing/x-cube-n6-camera-capture-main/Src/app_cam.c:104:18:CAM_GetROIDefinition	0	static
C:/Users/ssierra/Downloads/MASSIF-ROI-Windowing/x-cube-n6-camera-capture-main/Src/app_cam.c:113:5:CAM_GetNumROIs	0	static
C:/Users/ssierra/Downloads/MASSIF-ROI-Windowing/x-cube-n6-camera-capture-main/Src/app_cam.c:122:5:CAM_SwitchROI	16	static
C:/Users/ssierra/Downloads/MASSIF-ROI-Windowing/x-cube-n6-camera-capture-main/Src/app_cam.c:142:13:roi_switcher_task	32	static
C:/Users/ssierra/Downloads/MASSIF-ROI-Windowing/x-cube-n6-camera-capture-main/Src/app_cam.c:169:6:CAM_StartROISwitcher	24	static
C:/Users/ssierra/Downloads/MASSIF-ROI-Windowing/x-cube-n6-camera-capture-main/Src/app_cam.c:194:6:CAM_StopROISwitcher	16	static
C:/Users/ssierra/Downloads/MASSIF-ROI-Windowing/x-cube-n6-camera-capture-main/Src/app_cam.c:333:6:CAM_Init	128	static
C:/Users/ssierra/Downloads/MASSIF-ROI-Windowing/x-cube-n6-camera-capture-main/Src/app_cam.c:358:6:CAM_CapturePipe_Start	8	static
C:/Users/ssierra/Downloads/MASSIF-ROI-Windowing/x-cube-n6-camera-capture-main/Src/app_cam.c:366:6:CAM_IspUpdate	8	static
C:/Users/ssierra/Downloads/MASSIF-ROI-Windowing/x-cube-n6-camera-capture-main/Src/app_cam.c:374:6:CAM_Deinit	8	static
C:/Users/ssierra/Downloads/MASSIF-ROI-Windowing/x-cube-n6-camera-capture-main/Src/app_cam.c:382:6:CMW_CAMERA_PIPE_ErrorCallback	0	static
