C:/Users/ssierra/Downloads/MASSIF-ROI-Windowing/x-cube-n6-camera-capture-main/Src/main.c:152:13:SystemClock_Config	632	static
C:/Users/ssierra/Downloads/MASSIF-ROI-Windowing/x-cube-n6-camera-capture-main/Src/main.c:301:13:main_thread_fct	168	static
C:/Users/ssierra/Downloads/MASSIF-ROI-Windowing/x-cube-n6-camera-capture-main/Src/main.c:64:5:main	56	static,ignoring_inline_asm
C:/Users/ssierra/Downloads/MASSIF-ROI-Windowing/x-cube-n6-camera-capture-main/Src/main.c:145:6:IAC_IRQHandler	0	static
C:/Users/ssierra/Downloads/MASSIF-ROI-Windowing/x-cube-n6-camera-capture-main/Src/main.c:501:19:MX_DCMIPP_ClockConfig	408	static
C:/Users/ssierra/Downloads/MASSIF-ROI-Windowing/x-cube-n6-camera-capture-main/Src/main.c:524:6:HAL_PCD_MspInit	24	static
C:/Users/ssierra/Downloads/MASSIF-ROI-Windowing/x-cube-n6-camera-capture-main/Src/main.c:564:6:assert_failed	0	static,ignoring_inline_asm
C:/Users/ssierra/Downloads/MASSIF-ROI-Windowing/x-cube-n6-camera-capture-main/Src/main.c:576:45:app_clean_invalidate_dbg	16	static,ignoring_inline_asm
