C:/Users/ssierra/Downloads/MASSIF/STM32/x-cube-n6-camera-capture-main/Src/main.c:149:13:SystemClock_Config	4
C:/Users/ssierra/Downloads/MASSIF/STM32/x-cube-n6-camera-capture-main/Src/main.c:298:13:main_thread_fct	3
C:/Users/ssierra/Downloads/MASSIF/STM32/x-cube-n6-camera-capture-main/Src/main.c:61:5:main	4
C:/Users/ssierra/Downloads/MASSIF/STM32/x-cube-n6-camera-capture-main/Src/main.c:142:6:IAC_IRQHandler	1
C:/Users/ssierra/Downloads/MASSIF/STM32/x-cube-n6-camera-capture-main/Src/main.c:368:19:MX_DCMIPP_ClockConfig	2
C:/Users/ssierra/Downloads/MASSIF/STM32/x-cube-n6-camera-capture-main/Src/main.c:391:6:HAL_PCD_MspInit	2
C:/Users/ssierra/Downloads/MASSIF/STM32/x-cube-n6-camera-capture-main/Src/main.c:431:6:assert_failed	1
C:/Users/ssierra/Downloads/MASSIF/STM32/x-cube-n6-camera-capture-main/Src/main.c:443:45:app_clean_invalidate_dbg	3
