C:/Users/ssierra/Downloads/MASSIF/STM32/x-cube-n6-camera-capture-main/Src/stm32n6xx_it.c:31:6:NMI_Handler	0	static
C:/Users/ssierra/Downloads/MASSIF/STM32/x-cube-n6-camera-capture-main/Src/stm32n6xx_it.c:40:6:MemManage_Handler	0	static
C:/Users/ssierra/Downloads/MASSIF/STM32/x-cube-n6-camera-capture-main/Src/stm32n6xx_it.c:53:6:BusFault_Handler	0	static
C:/Users/ssierra/Downloads/MASSIF/STM32/x-cube-n6-camera-capture-main/Src/stm32n6xx_it.c:66:6:SecureFault_Handler	0	static
C:/Users/ssierra/Downloads/MASSIF/STM32/x-cube-n6-camera-capture-main/Src/stm32n6xx_it.c:79:6:DebugMon_Handler	0	static
C:/Users/ssierra/Downloads/MASSIF/STM32/x-cube-n6-camera-capture-main/Src/stm32n6xx_it.c:93:6:CSI_IRQHandler	8	static
C:/Users/ssierra/Downloads/MASSIF/STM32/x-cube-n6-camera-capture-main/Src/stm32n6xx_it.c:98:6:DCMIPP_IRQHandler	8	static
C:/Users/ssierra/Downloads/MASSIF/STM32/x-cube-n6-camera-capture-main/Src/stm32n6xx_it.c:103:6:USB1_OTG_HS_IRQHandler	0	static
